// Jest Snapshot v1, https://goo.gl/fbAQLP

exports[`DocumentView renders correctly 1`] = `
<div>
  <div>
    <p>
      Some cool text to have here
    </p>
  </div>
</div>
`;
