// Jest Snapshot v1, https://goo.gl/fbAQLP

exports[`Base renders correctly 1`] = `
<div>
  <h1>
    Something
  </h1>
</div>
`;
